drivers/phy/phy-rockchip-usbdp.c:527:12:udphy_setup	32	static
drivers/phy/phy-rockchip-usbdp.c:399:13:udphy_u3_port_disable	0	static
drivers/phy/phy-rockchip-usbdp.c:668:12:udphy_power_on	48	static
drivers/phy/phy-rockchip-usbdp.c:853:12:rockchip_u3phy_init	16	static
drivers/phy/phy-rockchip-usbdp.c:1245:12:rockchip_dpphy_probe	32	static
drivers/phy/phy-rockchip-usbdp.c:908:12:rockchip_udphy_probe	96	static
drivers/phy/phy-rockchip-usbdp.c:941:12:rockchip_udphy_bind	80	static
drivers/phy/phy-rockchip-usbdp.c:1123:12:rk3588_udphy_dplane_select	16	static
drivers/phy/phy-rockchip-usbdp.c:1216:12:rk3588_dp_phy_set_voltages	96	static
drivers/phy/phy-rockchip-usbdp.c:1149:12:rk3588_dp_phy_set_rate	64	static
drivers/phy/phy-rockchip-usbdp.c:313:12:__regmap_multi_reg_write	48	static
drivers/phy/phy-rockchip-usbdp.c:814:12:rockchip_dpphy_configure	48	static
drivers/phy/phy-rockchip-usbdp.c:1105:12:rk3588_udphy_dplane_enable	32	static
drivers/phy/phy-rockchip-usbdp.c:728:12:rockchip_dpphy_power_on	48	static
drivers/phy/phy-rockchip-usbdp.c:387:12:udphy_reset_deassert.isra	64	static
drivers/phy/phy-rockchip-usbdp.c:705:12:udphy_power_off	48	static
drivers/phy/phy-rockchip-usbdp.c:867:12:rockchip_u3phy_exit	16	static
drivers/phy/phy-rockchip-usbdp.c:749:12:rockchip_dpphy_power_off	32	static
drivers/phy/phy-rockchip-usbdp.c:375:12:udphy_reset_assert.isra	64	static
drivers/phy/phy-rockchip-usbdp.c:1031:12:rk3588_udphy_init	96	static
drivers/phy/phy-rockchip-usbdp.c:884:5:rockchip_u3phy_uboot_init	48	static
