drivers/phy/phy-rockchip-inno-usb2.c:683:12:rk3308_usb2phy_tuning	0	static
drivers/phy/phy-rockchip-inno-usb2.c:400:24:rockchip_usb2phy_check_vbus	64	static
drivers/phy/phy-rockchip-inno-usb2.c:211:13:rockchip_chg_enable_dcd	64	static
drivers/phy/phy-rockchip-inno-usb2.c:220:13:rockchip_chg_enable_primary_det	64	static
drivers/phy/phy-rockchip-inno-usb2.c:229:13:rockchip_chg_enable_secondary_det	64	static
drivers/phy/phy-rockchip-inno-usb2.c:472:12:rockchip_usb2phy_exit	32	static
drivers/phy/phy-rockchip-inno-usb2.c:448:12:rockchip_usb2phy_init	32	static
drivers/phy/phy-rockchip-inno-usb2.c:671:12:rk322x_usb2phy_tuning	0	static
drivers/phy/phy-rockchip-inno-usb2.c:510:12:rockchip_usb2phy_power_off	32	static
drivers/phy/phy-rockchip-inno-usb2.c:493:12:rockchip_usb2phy_power_on	32	static
drivers/phy/phy-rockchip-inno-usb2.c:527:12:rockchip_usb2phy_of_xlate	48	static
drivers/phy/phy-rockchip-inno-usb2.c:581:12:rockchip_usb2phy_probe	144	static
drivers/phy/phy-rockchip-inno-usb2.c:553:12:rockchip_usb2phy_bind	80	static
drivers/phy/phy-rockchip-inno-usb2.c:821:12:rk3588_usb2phy_tuning	48	static
drivers/phy/phy-rockchip-inno-usb2.c:752:12:rk3328_usb2phy_tuning	0	static
drivers/phy/phy-rockchip-inno-usb2.c:256:5:rockchip_chg_get_type	112	static
drivers/phy/phy-rockchip-inno-usb2.c:359:5:rockchip_u2phy_vbus_detect	16	static
drivers/phy/phy-rockchip-inno-usb2.c:369:6:otg_phy_init	80	static
