arch/arm/mach-rockchip/board.c:149:12:rockchip_set_serialno.isra	608	static
arch/arm/mach-rockchip/board.c:59:12:rk_board_late_init	0	static
arch/arm/mach-rockchip/board.c:64:12:rk_board_fdt_fixup	0	static
arch/arm/mach-rockchip/board.c:69:12:soc_clk_dump	0	static
arch/arm/mach-rockchip/board.c:74:12:set_armclk_rate	0	static
arch/arm/mach-rockchip/board.c:79:12:rk_board_init	0	static
arch/arm/mach-rockchip/board.c:231:5:fb_set_reboot_flag	16	static
arch/arm/mach-rockchip/board.c:387:5:board_late_init	192	static
arch/arm/mach-rockchip/board.c:467:5:board_init	32	static
arch/arm/mach-rockchip/board.c:515:5:interrupt_debugger_init	0	static
arch/arm/mach-rockchip/board.c:524:5:board_fdt_fixup	32	static
arch/arm/mach-rockchip/board.c:570:6:arch_preboot_os	0	static
arch/arm/mach-rockchip/board.c:606:6:enable_caches	16	static
arch/arm/mach-rockchip/board.c:619:6:board_lmb_reserve	96	static
arch/arm/mach-rockchip/board.c:662:5:board_bidram_reserve	112	static
arch/arm/mach-rockchip/board.c:689:5:board_sysmem_reserve	0	static
arch/arm/mach-rockchip/board.c:702:12:board_bidram_parse_fn	0	static
arch/arm/mach-rockchip/board.c:708:5:board_init_f_boot_flags	32	static
arch/arm/mach-rockchip/board.c:825:5:bootm_board_start	48	static
arch/arm/mach-rockchip/board.c:857:5:bootm_image_populate_dtb	32	static
arch/arm/mach-rockchip/board.c:882:5:board_do_bootm	112	static
arch/arm/mach-rockchip/board.c:963:6:autoboot_command_fail_handle	0	static
arch/arm/mach-rockchip/board.c:1019:6:board_quiesce_devices	32	static
arch/arm/mach-rockchip/board.c:1058:7:board_fdt_chosen_bootargs	96	static
arch/arm/mach-rockchip/board.c:1160:5:ft_verify_fdt	112	static
