drivers/net/dwc_eth_qos.c:324:13:eqos_inval_desc_generic	0	static
drivers/net/dwc_eth_qos.c:859:12:eqos_calibrate_pads_stm32	0	static
drivers/net/dwc_eth_qos.c:1910:24:eqos_get_interface_stm32	16	static
drivers/net/dwc_eth_qos.c:832:14:eqos_get_tick_clk_rate_stm32	16	static
drivers/net/dwc_eth_qos.c:689:12:eqos_start_resets_stm32	48	static
drivers/net/dwc_eth_qos.c:745:12:eqos_stop_resets_stm32	32	static
drivers/net/dwc_eth_qos.c:1984:12:eqos_remove_resources_stm32	32	static
drivers/net/dwc_eth_qos.c:381:13:eqos_flush_buffer_generic	0	static
drivers/net/dwc_eth_qos.c:365:13:eqos_inval_buffer_generic	0	static
drivers/net/dwc_eth_qos.c:390:12:eqos_mdio_wait_idle.isra	48	static
drivers/net/dwc_eth_qos.c:397:12:eqos_mdio_read	48	static
drivers/net/dwc_eth_qos.c:441:12:eqos_mdio_write	64	static
drivers/net/dwc_eth_qos.c:981:12:eqos_set_tx_clk_speed_stm32	0	static
drivers/net/dwc_eth_qos.c:871:12:eqos_disable_calibration_stm32	0	static
drivers/net/dwc_eth_qos.c:344:13:eqos_flush_desc_generic	0	static
drivers/net/dwc_eth_qos.c:1083:5:eqos_write_hwaddr	32	static
drivers/net/dwc_eth_qos.c:1139:5:eqos_init	48	static
drivers/net/dwc_eth_qos.c:1264:6:eqos_enable	64	static
drivers/net/dwc_eth_qos.c:1508:6:eqos_stop	32	static
drivers/net/dwc_eth_qos.c:1562:5:eqos_send	48	static
drivers/net/dwc_eth_qos.c:1604:5:eqos_recv	48	static
drivers/net/dwc_eth_qos.c:1629:5:eqos_free_pkt	64	static
drivers/net/dwc_eth_qos.c:1823:12:board_interface_eth_init	0	static
drivers/net/dwc_eth_qos.c:1829:12:eqos_probe_resources_stm32	128	static
drivers/net/dwc_eth_qos.c:2014:5:eqos_probe	48	static
