drivers/net/gmac_rockchip.c:1560:12:gmac_rockchip_eth_write_hwaddr	0	static
drivers/net/gmac_rockchip.c:1636:13:gmac_rockchip_eth_stop	0	static
drivers/net/gmac_rockchip.c:1569:12:gmac_rockchip_eth_free_pkt	0	static
drivers/net/gmac_rockchip.c:1589:12:gmac_rockchip_eth_recv	0	static
drivers/net/gmac_rockchip.c:1579:12:gmac_rockchip_eth_send	0	static
drivers/net/gmac_rockchip.c:1599:12:gmac_rockchip_eth_start	64	static
drivers/net/gmac_rockchip.c:1090:13:rk3568_set_to_rgmii	32	static
drivers/net/gmac_rockchip.c:1067:13:rk3568_set_to_rmii	32	static
drivers/net/gmac_rockchip.c:1441:13:rk3588_set_clock_selection	32	static
drivers/net/gmac_rockchip.c:1178:13:rk3588_set_to_rgmii	32	static
drivers/net/gmac_rockchip.c:1142:13:rk3588_set_to_rmii	32	static
drivers/net/gmac_rockchip.c:519:12:rk3588_set_rgmii_speed	32	static
drivers/net/gmac_rockchip.c:1341:13:rv1106_set_to_rmii	16	static
drivers/net/gmac_rockchip.c:577:12:rv1106_set_rmii_speed	32	static
drivers/net/gmac_rockchip.c:1372:13:rv1126_set_to_rgmii	32	static
drivers/net/gmac_rockchip.c:1355:13:rv1126_set_to_rmii	16	static
drivers/net/gmac_rockchip.c:610:12:rv1126_set_rgmii_speed	48	static
drivers/net/gmac_rockchip.c:1261:13:rv1106_gmac_integrated_phy_powerup	64	static
drivers/net/gmac_rockchip.c:108:12:gmac_rockchip_ofdata_to_platdata	144	static
drivers/net/gmac_rockchip.c:1467:12:gmac_rockchip_probe	64	static
drivers/net/gmac_rockchip.c:96:6:gmac_set_rgmii	48	static
