drivers/mtd/nand/spi/core.c:33:13:spinand_cache_op_adjust_colum	0	static
drivers/mtd/nand/spi/core.c:936:13:spinand_manufacturer_cleanup	0	static
drivers/mtd/nand/spi/core.c:1074:12:spinand_noecc_ooblayout_ecc	0	static
drivers/mtd/nand/spi/core.c:1080:12:spinand_noecc_ooblayout_free	0	static
drivers/mtd/nand/spi/core.c:62:12:spinand_write_reg_op	80	static
drivers/mtd/nand/spi/core.c:48:12:spinand_read_reg_op	96	static
drivers/mtd/nand/spi/core.c:944:1:spinand_select_op_variant	128	static
drivers/mtd/nand/spi/core.c:757:12:spinand_mtd_erase	0	static
drivers/mtd/nand/spi/core.c:776:12:spinand_mtd_block_isreserved	48	static
drivers/mtd/nand/spi/core.c:712:12:spinand_mtd_block_markbad	48	static
drivers/mtd/nand/spi/core.c:672:12:spinand_mtd_block_isbad	48	static
drivers/mtd/nand/spi/core.c:1217:12:spinand_bind	48	static
drivers/mtd/nand/spi/core.c:449:12:spinand_read_id_op	112	static
drivers/mtd/nand/spi/core.c:221:12:spinand_write_enable_op.isra	80	static
drivers/mtd/nand/spi/core.c:417:12:spinand_wait	64	static
drivers/mtd/nand/spi/core.c:534:12:spinand_write_page	192	static
drivers/mtd/nand/spi/core.c:509:12:spinand_read_page	208	static
drivers/mtd/nand/spi/core.c:118:5:spinand_upd_cfg	32	static
drivers/mtd/nand/spi/core.c:142:5:spinand_select_target	32	static
drivers/mtd/nand/spi/core.c:612:12:spinand_mtd_write	160	static
drivers/mtd/nand/spi/core.c:559:12:spinand_mtd_read	192	static
drivers/mtd/nand/spi/core.c:652:13:spinand_isbad	112	static
drivers/mtd/nand/spi/core.c:692:12:spinand_markbad	112	static
drivers/mtd/nand/spi/core.c:732:12:spinand_erase	96	static
drivers/mtd/nand/spi/core.c:798:1:spinand_find_supported_op	48	static
drivers/mtd/nand/spi/core.c:992:5:spinand_match_and_init	64	static
drivers/mtd/nand/spi/core.c:872:12:spinand_manufacturer_match	64	static
drivers/mtd/nand/spi/core.c:1232:12:spinand_probe	128	static
