drivers/mtd/nand/spi/gigadevice.c:54:12:gd5fxgq4xa_ooblayout_ecc	0	static
drivers/mtd/nand/spi/gigadevice.c:66:12:gd5fxgq4xa_ooblayout_free	0	static
drivers/mtd/nand/spi/gigadevice.c:88:12:gd5fxgq4xa_ecc_get_status	0	static
drivers/mtd/nand/spi/gigadevice.c:112:12:gd5fxgqx_variant2_ooblayout_ecc	0	static
drivers/mtd/nand/spi/gigadevice.c:124:12:gd5fxgqx_variant2_ooblayout_free	0	static
drivers/mtd/nand/spi/gigadevice.c:143:12:gd5fxgq4xc_ooblayout_256_ecc	0	static
drivers/mtd/nand/spi/gigadevice.c:155:12:gd5fxgq4xc_ooblayout_256_free	0	static
drivers/mtd/nand/spi/gigadevice.c:172:12:gd5fxgqx_variant3_ooblayout_ecc	0	static
drivers/mtd/nand/spi/gigadevice.c:275:12:gd5fxgq4ufxxg_ecc_get_status	0	static
drivers/mtd/nand/spi/gigadevice.c:238:12:gd5fxgq5xexxg_ecc_get_status	80	static
drivers/mtd/nand/spi/gigadevice.c:196:12:gd5fxgq4uexxg_ecc_get_status	96	static
drivers/mtd/nand/spi/gigadevice.c:477:12:gigadevice_spinand_init	80	static
drivers/mtd/nand/spi/gigadevice.c:178:12:gd5fxgqx_variant3_ooblayout_free	0	static
