drivers/clk/rockchip/clk_rk3588.c:282:14:rk3588_top_get_clk	0	static
drivers/clk/rockchip/clk_rk3588.c:646:14:rk3588_adc_get_clk	0	static
drivers/clk/rockchip/clk_rk3588.c:737:14:rk3588_mmc_get_clk	0	static
drivers/clk/rockchip/clk_rk3588.c:940:14:rk3588_aclk_vop_get_clk	0	static
drivers/clk/rockchip/clk_rk3588.c:1204:14:rk3588_gmac_get_clk	0	static
drivers/clk/rockchip/clk_rk3588.c:1272:14:rk3588_uart_get_rate	0	static
drivers/clk/rockchip/clk_rk3588.c:1409:14:rk3588_pciephy_get_rate	0	static
drivers/clk/rockchip/clk_rk3588.c:1054:14:rk3588_dclk_vop_get_clk	32	static
drivers/clk/rockchip/clk_rk3588.c:1977:12:rk3588_clk_set_parent	48	static
drivers/clk/rockchip/clk_rk3588.c:2115:12:rk3588_clk_ofdata_to_platdata	32	static
drivers/clk/rockchip/clk_rk3588.c:2044:12:rk3588_clk_probe	64	static
drivers/clk/rockchip/clk_rk3588.c:2124:12:rk3588_clk_bind	48	static
drivers/clk/rockchip/clk_rk3588.c:891:14:rk3588_aux16m_get_clk.isra	0	static
drivers/clk/rockchip/clk_rk3588.c:567:14:rk3588_pwm_get_clk.isra	0	static
drivers/clk/rockchip/clk_rk3588.c:482:14:rk3588_spi_get_clk.isra	0	static
drivers/clk/rockchip/clk_rk3588.c:373:14:rk3588_i2c_get_clk.isra	0	static
drivers/clk/rockchip/clk_rk3588.c:150:14:rk3588_center_get_clk.isra	0	static
drivers/clk/rockchip/clk_rk3588.c:1489:14:rk3588_clk_get_rate	32	static
drivers/clk/rockchip/clk_rk3588.c:1640:14:rk3588_clk_set_rate	48	static
drivers/clk/rockchip/clk_rk3588.c:1801:5:rk3588_mmc_get_phase	32	static
drivers/clk/rockchip/clk_rk3588.c:1874:12:rk3588_clk_get_phase	0	static
drivers/clk/rockchip/clk_rk3588.c:1834:5:rk3588_mmc_set_phase	48	static
drivers/clk/rockchip/clk_rk3588.c:1890:12:rk3588_clk_set_phase	0	static
drivers/clk/rockchip/clk_rk3588.c:2458:5:soc_clk_dump	112	static
