cmd/pxe.c:1114:13:eol_or_eof	0	static
cmd/pxe.c:1716:12:do_pxe	48	static
cmd/pxe.c:569:13:label_print	0	static
cmd/pxe.c:131:12:do_get_tftp	48	static
cmd/pxe.c:42:14:from_env	32	static
cmd/pxe.c:537:13:label_destroy	32	static
cmd/pxe.c:1489:13:destroy_pxe_menu	48	static
cmd/pxe.c:173:12:do_get_any	16	static
cmd/pxe.c:160:12:do_get_fat	16	static
cmd/pxe.c:147:12:do_get_ext2	16	static
cmd/pxe.c:65:12:format_mac_pxe.constprop	48	static
cmd/pxe.c:194:12:get_relfile	224	static
cmd/pxe.c:234:12:get_pxe_file	48	static
cmd/pxe.c:277:12:get_pxelinux_path	192	static
cmd/pxe.c:371:1:do_pxe_get	96	static
cmd/pxe.c:426:12:get_relfile_envaddr	48	static
cmd/pxe.c:1000:14:get_string.constprop.isra	64	static
cmd/pxe.c:1069:13:get_token	64	static
cmd/pxe.c:1131:12:parse_sliteral	64	static
cmd/pxe.c:1151:12:parse_integer	64	static
cmd/pxe.c:1410:12:parse_pxefile_top	176	static
cmd/pxe.c:1181:12:handle_include	96	static
cmd/pxe.c:1518:25:parse_pxefile	48	static
cmd/pxe.c:708:12:label_boot	2336	static
cmd/pxe.c:1628:13:handle_pxe_menu	112	static
cmd/pxe.c:1671:1:do_pxe_boot	48	static
cmd/pxe.c:1750:12:do_sysboot	80	static
