common/image-android.c:62:14:android_image_get_kernel_addr	0	static
common/image-android.c:708:14:android_image_get_comp_addr	48	static
common/image-android.c:340:12:image_load	272	static
common/image-android.c:555:12:images_load_verify	64	static
common/image-android.c:40:5:android_image_major_version	0	static
common/image-android.c:46:5:android_bcb_msg_sector_offset	16	static
common/image-android.c:99:6:android_image_set_comp	0	static
common/image-android.c:104:5:android_image_get_comp	0	static
common/image-android.c:109:5:android_image_parse_kernel_comp	16	static
common/image-android.c:130:5:android_image_get_kernel	80	static
common/image-android.c:185:5:android_image_check_header	0	static
common/image-android.c:581:12:android_image_separate	96	static
common/image-android.c:665:12:android_image_separate_v34	48	static
common/image-android.c:190:7:android_image_get_end	0	static
common/image-android.c:219:5:android_image_get_ksize	0	static
common/image-android.c:224:6:android_image_set_kload	0	static
common/image-android.c:229:7:android_image_get_kload	0	static
common/image-android.c:234:5:android_image_get_ramdisk	48	static
common/image-android.c:287:5:android_image_get_fdt	32	static
common/image-android.c:768:6:android_image_set_decomp	32	static
common/image-android.c:794:5:android_image_memcpy_separate	48	static
common/image-android.c:1109:22:populate_andr_img_hdr	192	static
common/image-android.c:832:6:android_image_load	64	static
common/image-android.c:1192:6:android_print_contents	48	static
