drivers/mtd/spi/spi-nor-core.c:146:12:read_sr	32	static
drivers/mtd/spi/spi-nor-core.c:185:12:read_cr	32	static
drivers/mtd/spi/spi-nor-core.c:204:12:write_sr	0	static
drivers/mtd/spi/spi-nor-core.c:611:13:stm_get_locked_range	0	static
drivers/mtd/spi/spi-nor-core.c:902:12:spi_nor_read	64	static
drivers/mtd/spi/spi-nor-core.c:973:13:sst26_process_bpr	0	static
drivers/mtd/spi/spi-nor-core.c:993:12:sst26_lock_ctl	112	static
drivers/mtd/spi/spi-nor-core.c:1109:12:sst26_is_locked	0	static
drivers/mtd/spi/spi-nor-core.c:1095:12:sst26_unlock	0	static
drivers/mtd/spi/spi-nor-core.c:1100:12:sst26_lock	0	static
drivers/mtd/spi/spi-nor-core.c:111:16:spi_nor_write_data	96	static
drivers/mtd/spi/spi-nor-core.c:73:16:spi_nor_read_data	112	static
drivers/mtd/spi/spi-nor-core.c:440:12:spi_nor_wait_till_ready	80	static
drivers/mtd/spi/spi-nor-core.c:47:12:spi_nor_read_reg	80	static
drivers/mtd/spi/spi-nor-core.c:222:12:write_disable.isra	0	static
drivers/mtd/spi/spi-nor-core.c:214:12:write_enable.isra	0	static
drivers/mtd/spi/spi-nor-core.c:591:12:write_sr_and_check.constprop	32	static
drivers/mtd/spi/spi-nor-core.c:544:12:spi_nor_erase	128	static
drivers/mtd/spi/spi-nor-core.c:1292:12:macronix_quad_enable	32	static
drivers/mtd/spi/spi-nor-core.c:1363:12:spansion_read_cr_quad_enable	48	static
drivers/mtd/spi/spi-nor-core.c:1148:12:sst_write	112	static
drivers/mtd/spi/spi-nor-core.c:1224:12:spi_nor_write	80	static
drivers/mtd/spi/spi-nor-core.c:63:12:spi_nor_write_reg	80	static
drivers/mtd/spi/spi-nor-core.c:662:12:stm_is_unlocked_sr	32	static
drivers/mtd/spi/spi-nor-core.c:780:12:stm_unlock	48	static
drivers/mtd/spi/spi-nor-core.c:656:12:stm_is_locked_sr	32	static
drivers/mtd/spi/spi-nor-core.c:865:12:stm_is_locked	48	static
drivers/mtd/spi/spi-nor-core.c:700:12:stm_lock	48	static
drivers/mtd/spi/spi-nor-core.c:2420:5:spi_nor_scan	464	static
drivers/mtd/spi/spi-nor-core.c:2592:5:spi_flash_cmd_get_sw_write_prot	16	static
