drivers/power/regulator/rk806.c:665:12:buck_get_suspend_enable	32	static
drivers/power/regulator/rk806.c:679:12:buck_get_enable	32	static
drivers/power/regulator/rk806.c:818:12:ldo_get_suspend_enable	32	static
drivers/power/regulator/rk806.c:825:12:ldo_get_enable	32	static
drivers/power/regulator/rk806.c:923:12:pldo_get_suspend_enable	32	static
drivers/power/regulator/rk806.c:839:12:pldo_get_enable	48	static
drivers/power/regulator/rk806.c:651:12:buck_set_enable	48	static
drivers/power/regulator/rk806.c:804:12:ldo_set_enable	48	static
drivers/power/regulator/rk806.c:832:12:pldo_set_enable	48	static
drivers/power/regulator/rk806.c:658:12:buck_set_suspend_enable	0	static
drivers/power/regulator/rk806.c:811:12:ldo_set_suspend_enable	0	static
drivers/power/regulator/rk806.c:916:12:pldo_set_suspend_enable	0	static
drivers/power/regulator/rk806.c:930:12:rk8xx_buck_probe	16	static
drivers/power/regulator/rk806.c:941:12:rk8xx_ldo_probe	16	static
drivers/power/regulator/rk806.c:952:12:rk8xx_pldo_probe	0	static
drivers/power/regulator/rk806.c:158:37:get_buck_reg	32	static
drivers/power/regulator/rk806.c:615:12:buck_get_suspend_value	48	static
drivers/power/regulator/rk806.c:579:12:buck_get_value	48	static
drivers/power/regulator/rk806.c:672:12:buck_set_ramp_delay	64	static
drivers/power/regulator/rk806.c:644:12:buck_set_suspend_value	32	static
drivers/power/regulator/rk806.c:608:12:buck_set_value	32	static
drivers/power/regulator/rk806.c:383:37:get_ldo_reg	32	static
drivers/power/regulator/rk806.c:785:12:ldo_get_suspend_value	48	static
drivers/power/regulator/rk806.c:686:12:ldo_get_value	48	static
drivers/power/regulator/rk806.c:764:12:ldo_set_suspend_value	32	static
drivers/power/regulator/rk806.c:704:12:ldo_set_value	32	static
drivers/power/regulator/rk806.c:399:37:get_pldo_reg	32	static
drivers/power/regulator/rk806.c:864:12:pldo_get_suspend_value	48	static
drivers/power/regulator/rk806.c:725:12:pldo_get_value	48	static
drivers/power/regulator/rk806.c:846:12:pldo_set_suspend_value	32	static
drivers/power/regulator/rk806.c:743:12:pldo_set_value	32	static
