drivers/core/device.c:686:24:_device_find_global_by_of_offset	48	static
drivers/core/device.c:362:14:alloc_priv	32	static
drivers/core/device.c:33:12:device_bind_common.constprop	160	static
drivers/core/device.c:325:5:device_bind_with_driver_data	0	static
drivers/core/device.c:334:5:device_bind	0	static
drivers/core/device.c:342:5:device_bind_by_name	48	static
drivers/core/device.c:406:5:device_probe	48	static
drivers/core/device.c:533:7:dev_get_platdata	32	static
drivers/core/device.c:543:7:dev_get_parent_platdata	32	static
drivers/core/device.c:553:7:dev_get_uclass_platdata	32	static
drivers/core/device.c:563:7:dev_get_priv	32	static
drivers/core/device.c:573:7:dev_get_uclass_priv	32	static
drivers/core/device.c:583:7:dev_get_parent_priv	32	static
drivers/core/device.c:608:5:device_get_child	32	static
drivers/core/device.c:620:5:device_find_child_by_seq	0	static
drivers/core/device.c:640:5:device_get_child_by_seq	48	static
drivers/core/device.c:658:5:device_find_child_by_of_offset	0	static
drivers/core/device.c:675:5:device_get_child_by_of_offset	48	static
drivers/core/device.c:703:5:device_get_global_by_of_offset	32	static
drivers/core/device.c:711:5:device_find_first_child	0	static
drivers/core/device.c:723:5:device_find_next_child	0	static
drivers/core/device.c:738:17:dev_get_parent	0	static
drivers/core/device.c:743:7:dev_get_driver_data	0	static
drivers/core/device.c:748:13:dev_get_driver_ops	0	static
drivers/core/device.c:756:16:device_get_uclass_id	0	static
drivers/core/device.c:761:13:dev_get_uclass_name	0	static
drivers/core/device.c:769:6:device_has_children	0	static
drivers/core/device.c:774:6:device_has_active_children	32	static
drivers/core/device.c:788:6:device_is_last_sibling	0	static
drivers/core/device.c:797:6:device_set_name_alloced	0	static
drivers/core/device.c:802:5:device_set_name	32	static
drivers/core/device.c:813:6:device_is_compatible	16	static
drivers/core/device.c:824:6:of_machine_is_compatible	16	static
