drivers/core/read.c:13:5:dev_read_u32_default	0	static
drivers/core/read.c:18:5:dev_read_s32_default	0	static
drivers/core/read.c:23:13:dev_read_string	0	static
drivers/core/read.c:28:6:dev_read_bool	0	static
drivers/core/read.c:33:8:dev_read_subnode	0	static
drivers/core/read.c:38:8:dev_read_first_subnode	0	static
drivers/core/read.c:43:8:dev_read_next_subnode	0	static
drivers/core/read.c:48:5:dev_read_size	0	static
drivers/core/read.c:53:12:dev_read_addr_index	0	static
drivers/core/read.c:61:12:dev_read_addr	0	static
drivers/core/read.c:66:7:dev_read_addr_ptr	16	static
drivers/core/read.c:73:12:dev_read_addr_size	0	static
drivers/core/read.c:79:13:dev_read_name	0	static
drivers/core/read.c:87:5:dev_read_stringlist_search	0	static
drivers/core/read.c:93:5:dev_read_string_index	0	static
drivers/core/read.c:99:5:dev_read_string_count	0	static
drivers/core/read.c:104:5:dev_read_phandle_with_args	0	static
drivers/core/read.c:114:5:dev_count_phandle_with_args	0	static
drivers/core/read.c:122:5:dev_read_addr_cells	0	static
drivers/core/read.c:127:5:dev_read_size_cells	0	static
drivers/core/read.c:132:5:dev_read_simple_addr_cells	0	static
drivers/core/read.c:137:5:dev_read_simple_size_cells	0	static
drivers/core/read.c:142:5:dev_read_phandle	0	static
drivers/core/read.c:152:13:dev_read_prop	0	static
drivers/core/read.c:157:5:dev_read_first_prop	0	static
drivers/core/read.c:162:5:dev_read_next_prop	0	static
drivers/core/read.c:167:13:dev_read_prop_by_prop	0	static
drivers/core/read.c:173:5:dev_read_alias_seq	32	static
drivers/core/read.c:191:5:dev_read_u32_array	0	static
drivers/core/read.c:199:5:dev_write_u32_array	0	static
drivers/core/read.c:207:16:dev_read_u8_array_ptr	0	static
drivers/core/read.c:213:5:dev_read_enabled	16	static
drivers/core/read.c:224:5:dev_read_resource	0	static
drivers/core/read.c:229:5:dev_read_resource_byname	0	static
drivers/core/read.c:235:5:dev_translate_address	0	static
